[training@localhost ~]$ hive
Logging initialized using configuration in file:/etc/hive/conf.dist/hive-log4j.properties
Hive history file=/tmp/training/hive_job_log_training_202302141208_1858769041.txt
hive> create table userRatings(useid int,movieid int,rating int,unixTime bigint) row format delimited feilds terminated by '\t' stored as textfile;
FAILED: ParseException line 1:96 mismatched input 'feilds' expecting EOF near 'delimited'

hive> create table userRatings(useid int,movieid int,rating int,unixTime bigint) row format delimited feilds terminated by '\[training@localhost ~]$ ;                       
[training@localhost ~]$ hive
Logging initialized using configuration in file:/etc/hive/conf.dist/hive-log4j.properties
Hive history file=/tmp/training/hive_job_log_training_202302141216_1984888923.txt
hive> create table userRatings(useid int,movieid int,rating int,unixTime bigint) row format delimited feilds terminated by '\[training@localhost ~]$ hive             
Logging initialized using configuration in file:/etc/hive/conf.dist/hive-log4j.properties
Hive history file=/tmp/training/hive_job_log_training_202302141217_1938987784.txt
hive> create table userRatings(userId int,movieId int,rating int,unixTime bigint)
    > row format delimited
    > fields terminated by '\t'
    > stored as textfile;
OK
Time taken: 2.269 seconds
hive> 
    > 
    > load data inpath 'hiveWorks/u.data' into table userRatings;
Loading data to table default.userratings
OK
Time taken: 0.353 seconds
hive> select * from userRatings limit 5;
OK
196	242	3	881250949
186	302	3	891717742
22	377	1	878887116
244	51	2	880606923
166	346	1	886397596
Time taken: 0.316 seconds
hive> 
